%!Adobe-FontList 1.18
%Locale:0x409

%BeginFont
Handler:DirectoryHandler
FontType:Type1
FontName:CommonSans-Regular
FamilyName:Common Sans
StyleName:Regular
MenuName:Common Sans
StyleBits:0
WeightClass:400
WidthClass:5
AngleClass:0
FullName:Common Sans
WritingScript:Roman
OutlineFileName:\CommonSans-Regular 2.otf
DataFormat:sfntData
UsesStandardEncoding:yes
isCFF:yes
hasSVG:no
FileLength:25808
FileModTime:1449493310
NameArray:0,Mac,4,Common Sans
NameArray:0,Win,1,Common Sans
%EndFont

%BeginFont
Handler:DirectoryHandler
FontType:Type1
FontName:RTGAIASERIFDEMO-Regular
FamilyName:RT GAIA SERIF DEMO
StyleName:Regular
MenuName:RT GAIA SERIF DEMO
StyleBits:0
WeightClass:400
WidthClass:5
AngleClass:0
FullName:RT GAIA SERIF DEMO
WritingScript:Roman
OutlineFileName:\RT Gaia Serif DEMO.otf
DataFormat:sfntData
UsesStandardEncoding:yes
isCFF:yes
hasSVG:no
FileLength:23036
FileModTime:1405521924
NameArray:0,Mac,18,RT GAIA SERIF DEMO Regular
NameArray:0,Mac,4,RT GAIA SERIF DEMO
NameArray:0,Win,1,RT GAIA SERIF DEMO
%EndFont

%BeginFont
Handler:DirectoryHandler
FontType:TrueType
FontName:TiemposText-Italic
FamilyName:Tiempos Text
StyleName:Italic
MenuName:Tiempos Text
StyleBits:1
WeightClass:400
WidthClass:5
AngleClass:1
FullName:TiemposText-Italic
WritingScript:Roman
OutlineFileName:\TiemposText-Italic.ttf
DataFormat:sfntData
hasSVG:no
FileLength:131752
FileModTime:1518323184
NameArray:0,Mac,4,TiemposText-Italic
NameArray:0,Win,1,Tiempos Text
NameArray:0,Win,16,Tiempos Text
%EndFont

%BeginFont
Handler:DirectoryHandler
FontType:TrueType
FontName:TiemposText-Regular
FamilyName:Tiempos Text
StyleName:Regular
MenuName:Tiempos Text
StyleBits:0
WeightClass:400
WidthClass:5
AngleClass:0
FullName:TiemposText-Regular
WritingScript:Roman
OutlineFileName:\TiemposText-Regular.ttf
DataFormat:sfntData
hasSVG:no
FileLength:122024
FileModTime:1518323184
NameArray:0,Mac,4,TiemposText-Regular
NameArray:0,Win,1,Tiempos Text
NameArray:0,Win,16,Tiempos Text
%EndFont

